
> web@0.1.0 build
> next build

ΓÜá Warning: Next.js inferred your workspace root, but it may not be correct.
 We detected multiple lockfiles and selected the directory of C:\Users\deven\package-lock.json as the root directory.
 To silence this warning, set `turbopack.root` in your Next.js config, or consider removing one of the lockfiles if it's not needed.
   See https://nextjs.org/docs/app/api-reference/config/next-config-js/turbopack#root-directory for more information.
 Detected additional lockfiles: 
   * C:\Users\deven\Desktop\web-app\package-lock.json

Γû▓ Next.js 16.1.2 (Turbopack)
- Environments: .env.local, .env

ΓÜá The "middleware" file convention is deprecated. Please use "proxy" instead. Learn more: https://nextjs.org/docs/messages/middleware-to-proxy
  Creating an optimized production build ...
Γ£ô Compiled successfully in 2.7s
  Running TypeScript ...
Failed to compile.

./app/activities/[id]/page.tsx:104:35
Type error: Property 'specialRequests' does not exist on type 'BookingWizardData'.

  102 |             paxChildren: 0,
  103 |             travelers: data.travelers,
> 104 |             specialRequests: data.specialRequests
      |                                   ^
  105 |         })
  106 |
  107 |         if (result.success) {
Next.js build worker exited with code: 1 and signal: null
